[     160ms] [ERROR] [Vue warn]: Error in render: "TypeError: Cannot read properties of undefined (reading 'name')"

found in

---> <F2LTrainer>
       <Root> @ webpack-internal:///./node_modules/vue/dist/vue.esm.js:631
[     160ms] [ERROR] TypeError: Cannot read properties of undefined (reading 'name')
    at Proxy.eval (eval at createFunction (webpack-internal:///./node_modules/vue/dist/vue.esm.js), <anonymous>:3:612)
    at Vue._render (webpack-internal:///./node_modules/vue/dist/vue.esm.js:3575:22)
    at VueComponent.updateComponent (webpack-internal:///./node_modules/vue/dist/vue.esm.js:4087:21)
    at Watcher.get (webpack-internal:///./node_modules/vue/dist/vue.esm.js:4501:25)
    at new Watcher (webpack-internal:///./node_modules/vue/dist/vue.esm.js:4490:12)
    at mountComponent (webpack-internal:///./node_modules/vue/dist/vue.esm.js:4094:3)
    at Vue.$mount (webpack-internal:///./node_modules/vue/dist/vue.esm.js:9100:10)
    at Vue.$mount (webpack-internal:///./node_modules/vue/dist/vue.esm.js:12014:16)
    at init (webpack-internal:///./node_modules/vue/dist/vue.esm.js:3146:13)
    at createComponent (webpack-internal:///./node_modules/vue/dist/vue.esm.js:6026:9) @ webpack-internal:///./node_modules/vue/dist/vue.esm.js:1907
[     166ms] [LOG] [HMR] Waiting for update signal from WDS... @ webpack-internal:///./node_modules/webpack/hot/log.js:23
[     167ms] [ERROR] [Vue warn]: Error in render: "TypeError: Cannot read properties of undefined (reading 'name')"

found in

---> <F2LTrainer>
       <Root> @ webpack-internal:///./node_modules/vue/dist/vue.esm.js:631
[     167ms] [ERROR] TypeError: Cannot read properties of undefined (reading 'name')
    at Proxy.eval (eval at createFunction (webpack-internal:///./node_modules/vue/dist/vue.esm.js), <anonymous>:3:612)
    at Vue._render (webpack-internal:///./node_modules/vue/dist/vue.esm.js:3575:22)
    at VueComponent.updateComponent (webpack-internal:///./node_modules/vue/dist/vue.esm.js:4087:21)
    at Watcher.get (webpack-internal:///./node_modules/vue/dist/vue.esm.js:4501:25)
    at Watcher.run (webpack-internal:///./node_modules/vue/dist/vue.esm.js:4576:22)
    at flushSchedulerQueue (webpack-internal:///./node_modules/vue/dist/vue.esm.js:4332:13)
    at Array.eval (webpack-internal:///./node_modules/vue/dist/vue.esm.js:2000:12)
    at flushCallbacks (webpack-internal:///./node_modules/vue/dist/vue.esm.js:1926:14) @ webpack-internal:///./node_modules/vue/dist/vue.esm.js:1907
[     171ms] [INFO] Download the Vue Devtools extension for a better development experience:
https://github.com/vuejs/vue-devtools @ webpack-internal:///./node_modules/vue/dist/vue.esm.js:9112
[     171ms] [INFO] You are running Vue in development mode.
Make sure to turn on production mode when deploying for production.
See more tips at https://vuejs.org/guide/deployment.html @ webpack-internal:///./node_modules/vue/dist/vue.esm.js:9122
[     198ms] [INFO] [WDS] Hot Module Replacement enabled. @ webpack-internal:///./node_modules/webpack-dev-server/client/index.js?http://0.0.0.0:8080:48
[     198ms] [INFO] [WDS] Live Reloading enabled. @ webpack-internal:///./node_modules/webpack-dev-server/client/index.js?http://0.0.0.0:8080:52
[  121814ms] [INFO] [WDS] App updated. Recompiling... @ webpack-internal:///./node_modules/webpack-dev-server/client/index.js?http://0.0.0.0:8080:55
[  122124ms] [INFO] [WDS] App updated. Recompiling... @ webpack-internal:///./node_modules/webpack-dev-server/client/index.js?http://0.0.0.0:8080:55
[  123473ms] [INFO] [WDS] App hot update... @ webpack-internal:///./node_modules/webpack-dev-server/client/utils/reloadApp.js:18
[  123475ms] [LOG] [HMR] Checking for updates on the server... @ webpack-internal:///./node_modules/webpack/hot/log.js:23
[  123602ms] [WARNING] [HMR] Cannot apply update. Need to do a full reload! @ webpack-internal:///./node_modules/webpack/hot/log.js:25
[  123602ms] [WARNING] [HMR] Error: Aborted because ./src/vue/Setting/index.ts is not accepted
Update propagation: ./src/vue/Setting/index.ts -> ./src/vue/Algs/index.ts -> ./src/index.ts
    at applyHandler (http://localhost:8080/index.d8989c8664f6a8987cbb.js:1514:31)
    at http://localhost:8080/index.d8989c8664f6a8987cbb.js:1215:21
    at Array.map (<anonymous>)
    at internalApply (http://localhost:8080/index.d8989c8664f6a8987cbb.js:1214:54)
    at http://localhost:8080/index.d8989c8664f6a8987cbb.js:1189:24
    at waitForBlockingPromises (http://localhost:8080/index.d8989c8664f6a8987cbb.js:1145:55)
    at http://localhost:8080/index.d8989c8664f6a8987cbb.js:1187:22 @ webpack-internal:///./node_modules/webpack/hot/log.js:25
[  124326ms] [ERROR] [Vue warn]: Error in render: "TypeError: Cannot read properties of undefined (reading 'name')"

found in

---> <F2LTrainer>
       <Root> @ webpack-internal:///./node_modules/vue/dist/vue.esm.js:631
[  124326ms] [ERROR] TypeError: Cannot read properties of undefined (reading 'name')
    at Proxy.eval (eval at createFunction (webpack-internal:///./node_modules/vue/dist/vue.esm.js), <anonymous>:3:612)
    at Vue._render (webpack-internal:///./node_modules/vue/dist/vue.esm.js:3575:22)
    at VueComponent.updateComponent (webpack-internal:///./node_modules/vue/dist/vue.esm.js:4087:21)
    at Watcher.get (webpack-internal:///./node_modules/vue/dist/vue.esm.js:4501:25)
    at new Watcher (webpack-internal:///./node_modules/vue/dist/vue.esm.js:4490:12)
    at mountComponent (webpack-internal:///./node_modules/vue/dist/vue.esm.js:4094:3)
    at Vue.$mount (webpack-internal:///./node_modules/vue/dist/vue.esm.js:9100:10)
    at Vue.$mount (webpack-internal:///./node_modules/vue/dist/vue.esm.js:12014:16)
    at init (webpack-internal:///./node_modules/vue/dist/vue.esm.js:3146:13)
    at createComponent (webpack-internal:///./node_modules/vue/dist/vue.esm.js:6026:9) @ webpack-internal:///./node_modules/vue/dist/vue.esm.js:1907
[  124335ms] [LOG] [HMR] Waiting for update signal from WDS... @ webpack-internal:///./node_modules/webpack/hot/log.js:23
[  124336ms] [ERROR] [Vue warn]: Error in render: "TypeError: Cannot read properties of undefined (reading 'name')"

found in

---> <F2LTrainer>
       <Root> @ webpack-internal:///./node_modules/vue/dist/vue.esm.js:631
[  124336ms] [ERROR] TypeError: Cannot read properties of undefined (reading 'name')
    at Proxy.eval (eval at createFunction (webpack-internal:///./node_modules/vue/dist/vue.esm.js), <anonymous>:3:612)
    at Vue._render (webpack-internal:///./node_modules/vue/dist/vue.esm.js:3575:22)
    at VueComponent.updateComponent (webpack-internal:///./node_modules/vue/dist/vue.esm.js:4087:21)
    at Watcher.get (webpack-internal:///./node_modules/vue/dist/vue.esm.js:4501:25)
    at Watcher.run (webpack-internal:///./node_modules/vue/dist/vue.esm.js:4576:22)
    at flushSchedulerQueue (webpack-internal:///./node_modules/vue/dist/vue.esm.js:4332:13)
    at Array.eval (webpack-internal:///./node_modules/vue/dist/vue.esm.js:2000:12)
    at flushCallbacks (webpack-internal:///./node_modules/vue/dist/vue.esm.js:1926:14) @ webpack-internal:///./node_modules/vue/dist/vue.esm.js:1907
[  124339ms] [INFO] Download the Vue Devtools extension for a better development experience:
https://github.com/vuejs/vue-devtools @ webpack-internal:///./node_modules/vue/dist/vue.esm.js:9112
[  124339ms] [INFO] You are running Vue in development mode.
Make sure to turn on production mode when deploying for production.
See more tips at https://vuejs.org/guide/deployment.html @ webpack-internal:///./node_modules/vue/dist/vue.esm.js:9122
[  124348ms] [INFO] [WDS] Hot Module Replacement enabled. @ webpack-internal:///./node_modules/webpack-dev-server/client/index.js?http://0.0.0.0:8080:48
[  124348ms] [INFO] [WDS] Live Reloading enabled. @ webpack-internal:///./node_modules/webpack-dev-server/client/index.js?http://0.0.0.0:8080:52
[  136224ms] [INFO] [WDS] App updated. Recompiling... @ webpack-internal:///./node_modules/webpack-dev-server/client/index.js?http://0.0.0.0:8080:55
[  136497ms] [INFO] [WDS] App updated. Recompiling... @ webpack-internal:///./node_modules/webpack-dev-server/client/index.js?http://0.0.0.0:8080:55
[  136880ms] [INFO] [WDS] App hot update... @ webpack-internal:///./node_modules/webpack-dev-server/client/utils/reloadApp.js:18
[  136882ms] [LOG] [HMR] Checking for updates on the server... @ webpack-internal:///./node_modules/webpack/hot/log.js:23
[  136928ms] [WARNING] [HMR] Cannot apply update. Need to do a full reload! @ webpack-internal:///./node_modules/webpack/hot/log.js:25
[  136928ms] [WARNING] [HMR] Error: Aborted because ./src/vue/Setting/index.html is not accepted
Update propagation: ./src/vue/Setting/index.html -> ./src/vue/Setting/index.ts -> ./src/vue/Algs/index.ts -> ./src/index.ts
    at applyHandler (http://localhost:8080/index.00303774362c532071d6.js:1514:31)
    at http://localhost:8080/index.00303774362c532071d6.js:1215:21
    at Array.map (<anonymous>)
    at internalApply (http://localhost:8080/index.00303774362c532071d6.js:1214:54)
    at http://localhost:8080/index.00303774362c532071d6.js:1189:24
    at waitForBlockingPromises (http://localhost:8080/index.00303774362c532071d6.js:1145:55)
    at http://localhost:8080/index.00303774362c532071d6.js:1187:22 @ webpack-internal:///./node_modules/webpack/hot/log.js:25
[  137756ms] [ERROR] [Vue warn]: Error in render: "TypeError: Cannot read properties of undefined (reading 'name')"

found in

---> <F2LTrainer>
       <Root> @ webpack-internal:///./node_modules/vue/dist/vue.esm.js:631
[  137756ms] [ERROR] TypeError: Cannot read properties of undefined (reading 'name')
    at Proxy.eval (eval at createFunction (webpack-internal:///./node_modules/vue/dist/vue.esm.js), <anonymous>:3:612)
    at Vue._render (webpack-internal:///./node_modules/vue/dist/vue.esm.js:3575:22)
    at VueComponent.updateComponent (webpack-internal:///./node_modules/vue/dist/vue.esm.js:4087:21)
    at Watcher.get (webpack-internal:///./node_modules/vue/dist/vue.esm.js:4501:25)
    at new Watcher (webpack-internal:///./node_modules/vue/dist/vue.esm.js:4490:12)
    at mountComponent (webpack-internal:///./node_modules/vue/dist/vue.esm.js:4094:3)
    at Vue.$mount (webpack-internal:///./node_modules/vue/dist/vue.esm.js:9100:10)
    at Vue.$mount (webpack-internal:///./node_modules/vue/dist/vue.esm.js:12014:16)
    at init (webpack-internal:///./node_modules/vue/dist/vue.esm.js:3146:13)
    at createComponent (webpack-internal:///./node_modules/vue/dist/vue.esm.js:6026:9) @ webpack-internal:///./node_modules/vue/dist/vue.esm.js:1907
[  137765ms] [LOG] [HMR] Waiting for update signal from WDS... @ webpack-internal:///./node_modules/webpack/hot/log.js:23
[  137766ms] [ERROR] [Vue warn]: Error in render: "TypeError: Cannot read properties of undefined (reading 'name')"

found in

---> <F2LTrainer>
       <Root> @ webpack-internal:///./node_modules/vue/dist/vue.esm.js:631
[  137766ms] [ERROR] TypeError: Cannot read properties of undefined (reading 'name')
    at Proxy.eval (eval at createFunction (webpack-internal:///./node_modules/vue/dist/vue.esm.js), <anonymous>:3:612)
    at Vue._render (webpack-internal:///./node_modules/vue/dist/vue.esm.js:3575:22)
    at VueComponent.updateComponent (webpack-internal:///./node_modules/vue/dist/vue.esm.js:4087:21)
    at Watcher.get (webpack-internal:///./node_modules/vue/dist/vue.esm.js:4501:25)
    at Watcher.run (webpack-internal:///./node_modules/vue/dist/vue.esm.js:4576:22)
    at flushSchedulerQueue (webpack-internal:///./node_modules/vue/dist/vue.esm.js:4332:13)
    at Array.eval (webpack-internal:///./node_modules/vue/dist/vue.esm.js:2000:12)
    at flushCallbacks (webpack-internal:///./node_modules/vue/dist/vue.esm.js:1926:14) @ webpack-internal:///./node_modules/vue/dist/vue.esm.js:1907
[  137770ms] [INFO] Download the Vue Devtools extension for a better development experience:
https://github.com/vuejs/vue-devtools @ webpack-internal:///./node_modules/vue/dist/vue.esm.js:9112
[  137770ms] [INFO] You are running Vue in development mode.
Make sure to turn on production mode when deploying for production.
See more tips at https://vuejs.org/guide/deployment.html @ webpack-internal:///./node_modules/vue/dist/vue.esm.js:9122
[  137778ms] [INFO] [WDS] Hot Module Replacement enabled. @ webpack-internal:///./node_modules/webpack-dev-server/client/index.js?http://0.0.0.0:8080:48
[  137778ms] [INFO] [WDS] Live Reloading enabled. @ webpack-internal:///./node_modules/webpack-dev-server/client/index.js?http://0.0.0.0:8080:52
[  159012ms] [ERROR] [Vue warn]: Error in render: "TypeError: Cannot read properties of undefined (reading 'name')"

found in

---> <F2LTrainer>
       <Root> @ webpack-internal:///./node_modules/vue/dist/vue.esm.js:631
[  159013ms] [ERROR] TypeError: Cannot read properties of undefined (reading 'name')
    at Proxy.eval (eval at createFunction (webpack-internal:///./node_modules/vue/dist/vue.esm.js), <anonymous>:3:612)
    at Vue._render (webpack-internal:///./node_modules/vue/dist/vue.esm.js:3575:22)
    at VueComponent.updateComponent (webpack-internal:///./node_modules/vue/dist/vue.esm.js:4087:21)
    at Watcher.get (webpack-internal:///./node_modules/vue/dist/vue.esm.js:4501:25)
    at new Watcher (webpack-internal:///./node_modules/vue/dist/vue.esm.js:4490:12)
    at mountComponent (webpack-internal:///./node_modules/vue/dist/vue.esm.js:4094:3)
    at Vue.$mount (webpack-internal:///./node_modules/vue/dist/vue.esm.js:9100:10)
    at Vue.$mount (webpack-internal:///./node_modules/vue/dist/vue.esm.js:12014:16)
    at init (webpack-internal:///./node_modules/vue/dist/vue.esm.js:3146:13)
    at createComponent (webpack-internal:///./node_modules/vue/dist/vue.esm.js:6026:9) @ webpack-internal:///./node_modules/vue/dist/vue.esm.js:1907
[  159020ms] [LOG] [HMR] Waiting for update signal from WDS... @ webpack-internal:///./node_modules/webpack/hot/log.js:23
[  159021ms] [ERROR] [Vue warn]: Error in render: "TypeError: Cannot read properties of undefined (reading 'name')"

found in

---> <F2LTrainer>
       <Root> @ webpack-internal:///./node_modules/vue/dist/vue.esm.js:631
[  159021ms] [ERROR] TypeError: Cannot read properties of undefined (reading 'name')
    at Proxy.eval (eval at createFunction (webpack-internal:///./node_modules/vue/dist/vue.esm.js), <anonymous>:3:612)
    at Vue._render (webpack-internal:///./node_modules/vue/dist/vue.esm.js:3575:22)
    at VueComponent.updateComponent (webpack-internal:///./node_modules/vue/dist/vue.esm.js:4087:21)
    at Watcher.get (webpack-internal:///./node_modules/vue/dist/vue.esm.js:4501:25)
    at Watcher.run (webpack-internal:///./node_modules/vue/dist/vue.esm.js:4576:22)
    at flushSchedulerQueue (webpack-internal:///./node_modules/vue/dist/vue.esm.js:4332:13)
    at Array.eval (webpack-internal:///./node_modules/vue/dist/vue.esm.js:2000:12)
    at flushCallbacks (webpack-internal:///./node_modules/vue/dist/vue.esm.js:1926:14) @ webpack-internal:///./node_modules/vue/dist/vue.esm.js:1907
[  159024ms] [INFO] Download the Vue Devtools extension for a better development experience:
https://github.com/vuejs/vue-devtools @ webpack-internal:///./node_modules/vue/dist/vue.esm.js:9112
[  159024ms] [INFO] You are running Vue in development mode.
Make sure to turn on production mode when deploying for production.
See more tips at https://vuejs.org/guide/deployment.html @ webpack-internal:///./node_modules/vue/dist/vue.esm.js:9122
[  159067ms] [INFO] [WDS] Hot Module Replacement enabled. @ webpack-internal:///./node_modules/webpack-dev-server/client/index.js?http://0.0.0.0:8080:48
[  159068ms] [INFO] [WDS] Live Reloading enabled. @ webpack-internal:///./node_modules/webpack-dev-server/client/index.js?http://0.0.0.0:8080:52
[  161116ms] [ERROR] [Vue warn]: Error in render: "TypeError: Cannot read properties of undefined (reading 'name')"

found in

---> <F2LTrainer>
       <Root> @ webpack-internal:///./node_modules/vue/dist/vue.esm.js:631
[  161116ms] [ERROR] TypeError: Cannot read properties of undefined (reading 'name')
    at Proxy.eval (eval at createFunction (webpack-internal:///./node_modules/vue/dist/vue.esm.js), <anonymous>:3:612)
    at Vue._render (webpack-internal:///./node_modules/vue/dist/vue.esm.js:3575:22)
    at VueComponent.updateComponent (webpack-internal:///./node_modules/vue/dist/vue.esm.js:4087:21)
    at Watcher.get (webpack-internal:///./node_modules/vue/dist/vue.esm.js:4501:25)
    at new Watcher (webpack-internal:///./node_modules/vue/dist/vue.esm.js:4490:12)
    at mountComponent (webpack-internal:///./node_modules/vue/dist/vue.esm.js:4094:3)
    at Vue.$mount (webpack-internal:///./node_modules/vue/dist/vue.esm.js:9100:10)
    at Vue.$mount (webpack-internal:///./node_modules/vue/dist/vue.esm.js:12014:16)
    at init (webpack-internal:///./node_modules/vue/dist/vue.esm.js:3146:13)
    at createComponent (webpack-internal:///./node_modules/vue/dist/vue.esm.js:6026:9) @ webpack-internal:///./node_modules/vue/dist/vue.esm.js:1907
[  161120ms] [LOG] [HMR] Waiting for update signal from WDS... @ webpack-internal:///./node_modules/webpack/hot/log.js:23
[  161120ms] [ERROR] [Vue warn]: Error in render: "TypeError: Cannot read properties of undefined (reading 'name')"

found in

---> <F2LTrainer>
       <Root> @ webpack-internal:///./node_modules/vue/dist/vue.esm.js:631
[  161121ms] [ERROR] TypeError: Cannot read properties of undefined (reading 'name')
    at Proxy.eval (eval at createFunction (webpack-internal:///./node_modules/vue/dist/vue.esm.js), <anonymous>:3:612)
    at Vue._render (webpack-internal:///./node_modules/vue/dist/vue.esm.js:3575:22)
    at VueComponent.updateComponent (webpack-internal:///./node_modules/vue/dist/vue.esm.js:4087:21)
    at Watcher.get (webpack-internal:///./node_modules/vue/dist/vue.esm.js:4501:25)
    at Watcher.run (webpack-internal:///./node_modules/vue/dist/vue.esm.js:4576:22)
    at flushSchedulerQueue (webpack-internal:///./node_modules/vue/dist/vue.esm.js:4332:13)
    at Array.eval (webpack-internal:///./node_modules/vue/dist/vue.esm.js:2000:12)
    at flushCallbacks (webpack-internal:///./node_modules/vue/dist/vue.esm.js:1926:14) @ webpack-internal:///./node_modules/vue/dist/vue.esm.js:1907
[  161122ms] [INFO] Download the Vue Devtools extension for a better development experience:
https://github.com/vuejs/vue-devtools @ webpack-internal:///./node_modules/vue/dist/vue.esm.js:9112
[  161122ms] [INFO] You are running Vue in development mode.
Make sure to turn on production mode when deploying for production.
See more tips at https://vuejs.org/guide/deployment.html @ webpack-internal:///./node_modules/vue/dist/vue.esm.js:9122
[  161126ms] [INFO] [WDS] Hot Module Replacement enabled. @ webpack-internal:///./node_modules/webpack-dev-server/client/index.js?http://0.0.0.0:8080:48
[  161127ms] [INFO] [WDS] Live Reloading enabled. @ webpack-internal:///./node_modules/webpack-dev-server/client/index.js?http://0.0.0.0:8080:52
