[      95ms] [ERROR] [Vue warn]: Failed to mount component: template or render function not defined.

found in

---> <F2LTrainer>
       <Root> @ webpack-internal:///./node_modules/vue/dist/vue.esm.js:631
[      96ms] [ERROR] [Vue warn]: Error in mounted hook: "TypeError: Cannot read properties of undefined (reading 'slice')"

found in

---> <F2LTrainer>
       <Root> @ webpack-internal:///./node_modules/vue/dist/vue.esm.js:631
[      96ms] [ERROR] TypeError: Cannot read properties of undefined (reading 'slice')
    at F2LTrainer.mounted (webpack-internal:///./src/vue/F2LTrainer/index.ts:39:19)
    at invokeWithErrorHandling (webpack-internal:///./node_modules/vue/dist/vue.esm.js:1874:57)
    at callHook (webpack-internal:///./node_modules/vue/dist/vue.esm.js:4241:7)
    at Object.insert (webpack-internal:///./node_modules/vue/dist/vue.esm.js:3167:7)
    at invokeInsertHook (webpack-internal:///./node_modules/vue/dist/vue.esm.js:6394:28)
    at Vue.patch [as __patch__] (webpack-internal:///./node_modules/vue/dist/vue.esm.js:6613:5)
    at Vue._update (webpack-internal:///./node_modules/vue/dist/vue.esm.js:3966:19)
    at Vue.updateComponent (webpack-internal:///./node_modules/vue/dist/vue.esm.js:4087:10)
    at Watcher.get (webpack-internal:///./node_modules/vue/dist/vue.esm.js:4501:25)
    at new Watcher (webpack-internal:///./node_modules/vue/dist/vue.esm.js:4490:12) @ webpack-internal:///./node_modules/vue/dist/vue.esm.js:1907
[     100ms] [LOG] [HMR] Waiting for update signal from WDS... @ webpack-internal:///./node_modules/webpack/hot/log.js:23
[     100ms] [INFO] Download the Vue Devtools extension for a better development experience:
https://github.com/vuejs/vue-devtools @ webpack-internal:///./node_modules/vue/dist/vue.esm.js:9112
[     100ms] [INFO] You are running Vue in development mode.
Make sure to turn on production mode when deploying for production.
See more tips at https://vuejs.org/guide/deployment.html @ webpack-internal:///./node_modules/vue/dist/vue.esm.js:9122
[     106ms] [INFO] [WDS] Hot Module Replacement enabled. @ webpack-internal:///./node_modules/webpack-dev-server/client/index.js?http://0.0.0.0:8080:48
[     106ms] [INFO] [WDS] Live Reloading enabled. @ webpack-internal:///./node_modules/webpack-dev-server/client/index.js?http://0.0.0.0:8080:52
[   56370ms] [INFO] [WDS] App updated. Recompiling... @ webpack-internal:///./node_modules/webpack-dev-server/client/index.js?http://0.0.0.0:8080:55
[   56604ms] [INFO] [WDS] App updated. Recompiling... @ webpack-internal:///./node_modules/webpack-dev-server/client/index.js?http://0.0.0.0:8080:55
[   57026ms] [INFO] [WDS] App hot update... @ webpack-internal:///./node_modules/webpack-dev-server/client/utils/reloadApp.js:18
[   57030ms] [LOG] [HMR] Checking for updates on the server... @ webpack-internal:///./node_modules/webpack/hot/log.js:23
[   57106ms] [WARNING] [HMR] Cannot apply update. Need to do a full reload! @ webpack-internal:///./node_modules/webpack/hot/log.js:25
[   57106ms] [WARNING] [HMR] Error: Aborted because ./src/vue/F2LTrainer/index.ts is not accepted
Update propagation: ./src/vue/F2LTrainer/index.ts -> ./src/index.ts
    at applyHandler (http://localhost:8080/index.314edb87ead12582e5c3.js:1504:31)
    at http://localhost:8080/index.314edb87ead12582e5c3.js:1205:21
    at Array.map (<anonymous>)
    at internalApply (http://localhost:8080/index.314edb87ead12582e5c3.js:1204:54)
    at http://localhost:8080/index.314edb87ead12582e5c3.js:1179:24
    at waitForBlockingPromises (http://localhost:8080/index.314edb87ead12582e5c3.js:1135:55)
    at http://localhost:8080/index.314edb87ead12582e5c3.js:1177:22 @ webpack-internal:///./node_modules/webpack/hot/log.js:25
[   57427ms] [ERROR] [Vue warn]: Failed to mount component: template or render function not defined.

found in

---> <F2LTrainer>
       <Root> @ webpack-internal:///./node_modules/vue/dist/vue.esm.js:631
[   57428ms] [ERROR] [Vue warn]: Error in mounted hook: "TypeError: Cannot read properties of undefined (reading 'slice')"

found in

---> <F2LTrainer>
       <Root> @ webpack-internal:///./node_modules/vue/dist/vue.esm.js:631
[   57428ms] [ERROR] TypeError: Cannot read properties of undefined (reading 'slice')
    at F2LTrainer.mounted (webpack-internal:///./src/vue/F2LTrainer/index.ts:41:19)
    at invokeWithErrorHandling (webpack-internal:///./node_modules/vue/dist/vue.esm.js:1874:57)
    at callHook (webpack-internal:///./node_modules/vue/dist/vue.esm.js:4241:7)
    at Object.insert (webpack-internal:///./node_modules/vue/dist/vue.esm.js:3167:7)
    at invokeInsertHook (webpack-internal:///./node_modules/vue/dist/vue.esm.js:6394:28)
    at Vue.patch [as __patch__] (webpack-internal:///./node_modules/vue/dist/vue.esm.js:6613:5)
    at Vue._update (webpack-internal:///./node_modules/vue/dist/vue.esm.js:3966:19)
    at Vue.updateComponent (webpack-internal:///./node_modules/vue/dist/vue.esm.js:4087:10)
    at Watcher.get (webpack-internal:///./node_modules/vue/dist/vue.esm.js:4501:25)
    at new Watcher (webpack-internal:///./node_modules/vue/dist/vue.esm.js:4490:12) @ webpack-internal:///./node_modules/vue/dist/vue.esm.js:1907
[   57439ms] [LOG] [HMR] Waiting for update signal from WDS... @ webpack-internal:///./node_modules/webpack/hot/log.js:23
[   57441ms] [INFO] Download the Vue Devtools extension for a better development experience:
https://github.com/vuejs/vue-devtools @ webpack-internal:///./node_modules/vue/dist/vue.esm.js:9112
[   57441ms] [INFO] You are running Vue in development mode.
Make sure to turn on production mode when deploying for production.
See more tips at https://vuejs.org/guide/deployment.html @ webpack-internal:///./node_modules/vue/dist/vue.esm.js:9122
[   57450ms] [INFO] [WDS] Hot Module Replacement enabled. @ webpack-internal:///./node_modules/webpack-dev-server/client/index.js?http://0.0.0.0:8080:48
[   57450ms] [INFO] [WDS] Live Reloading enabled. @ webpack-internal:///./node_modules/webpack-dev-server/client/index.js?http://0.0.0.0:8080:52
[  281308ms] [ERROR] [Vue warn]: Failed to mount component: template or render function not defined.

found in

---> <F2LTrainer>
       <Root> @ webpack-internal:///./node_modules/vue/dist/vue.esm.js:631
[  281310ms] [ERROR] [Vue warn]: Error in mounted hook: "TypeError: Cannot read properties of undefined (reading 'slice')"

found in

---> <F2LTrainer>
       <Root> @ webpack-internal:///./node_modules/vue/dist/vue.esm.js:631
[  281310ms] [ERROR] TypeError: Cannot read properties of undefined (reading 'slice')
    at F2LTrainer.mounted (webpack-internal:///./src/vue/F2LTrainer/index.ts:41:19)
    at invokeWithErrorHandling (webpack-internal:///./node_modules/vue/dist/vue.esm.js:1874:57)
    at callHook (webpack-internal:///./node_modules/vue/dist/vue.esm.js:4241:7)
    at Object.insert (webpack-internal:///./node_modules/vue/dist/vue.esm.js:3167:7)
    at invokeInsertHook (webpack-internal:///./node_modules/vue/dist/vue.esm.js:6394:28)
    at Vue.patch [as __patch__] (webpack-internal:///./node_modules/vue/dist/vue.esm.js:6613:5)
    at Vue._update (webpack-internal:///./node_modules/vue/dist/vue.esm.js:3966:19)
    at Vue.updateComponent (webpack-internal:///./node_modules/vue/dist/vue.esm.js:4087:10)
    at Watcher.get (webpack-internal:///./node_modules/vue/dist/vue.esm.js:4501:25)
    at new Watcher (webpack-internal:///./node_modules/vue/dist/vue.esm.js:4490:12) @ webpack-internal:///./node_modules/vue/dist/vue.esm.js:1907
[  281320ms] [LOG] [HMR] Waiting for update signal from WDS... @ webpack-internal:///./node_modules/webpack/hot/log.js:23
[  281325ms] [INFO] Download the Vue Devtools extension for a better development experience:
https://github.com/vuejs/vue-devtools @ webpack-internal:///./node_modules/vue/dist/vue.esm.js:9112
[  281325ms] [INFO] You are running Vue in development mode.
Make sure to turn on production mode when deploying for production.
See more tips at https://vuejs.org/guide/deployment.html @ webpack-internal:///./node_modules/vue/dist/vue.esm.js:9122
[  281333ms] [INFO] [WDS] Hot Module Replacement enabled. @ webpack-internal:///./node_modules/webpack-dev-server/client/index.js?http://0.0.0.0:8080:48
[  281334ms] [INFO] [WDS] Live Reloading enabled. @ webpack-internal:///./node_modules/webpack-dev-server/client/index.js?http://0.0.0.0:8080:52
[  282786ms] [ERROR] [Vue warn]: Failed to mount component: template or render function not defined.

found in

---> <F2LTrainer>
       <Root> @ webpack-internal:///./node_modules/vue/dist/vue.esm.js:631
[  282786ms] [ERROR] [Vue warn]: Error in mounted hook: "TypeError: Cannot read properties of undefined (reading 'slice')"

found in

---> <F2LTrainer>
       <Root> @ webpack-internal:///./node_modules/vue/dist/vue.esm.js:631
[  282786ms] [ERROR] TypeError: Cannot read properties of undefined (reading 'slice')
    at F2LTrainer.mounted (webpack-internal:///./src/vue/F2LTrainer/index.ts:41:19)
    at invokeWithErrorHandling (webpack-internal:///./node_modules/vue/dist/vue.esm.js:1874:57)
    at callHook (webpack-internal:///./node_modules/vue/dist/vue.esm.js:4241:7)
    at Object.insert (webpack-internal:///./node_modules/vue/dist/vue.esm.js:3167:7)
    at invokeInsertHook (webpack-internal:///./node_modules/vue/dist/vue.esm.js:6394:28)
    at Vue.patch [as __patch__] (webpack-internal:///./node_modules/vue/dist/vue.esm.js:6613:5)
    at Vue._update (webpack-internal:///./node_modules/vue/dist/vue.esm.js:3966:19)
    at Vue.updateComponent (webpack-internal:///./node_modules/vue/dist/vue.esm.js:4087:10)
    at Watcher.get (webpack-internal:///./node_modules/vue/dist/vue.esm.js:4501:25)
    at new Watcher (webpack-internal:///./node_modules/vue/dist/vue.esm.js:4490:12) @ webpack-internal:///./node_modules/vue/dist/vue.esm.js:1907
[  282789ms] [LOG] [HMR] Waiting for update signal from WDS... @ webpack-internal:///./node_modules/webpack/hot/log.js:23
[  282790ms] [INFO] Download the Vue Devtools extension for a better development experience:
https://github.com/vuejs/vue-devtools @ webpack-internal:///./node_modules/vue/dist/vue.esm.js:9112
[  282790ms] [INFO] You are running Vue in development mode.
Make sure to turn on production mode when deploying for production.
See more tips at https://vuejs.org/guide/deployment.html @ webpack-internal:///./node_modules/vue/dist/vue.esm.js:9122
[  282794ms] [INFO] [WDS] Hot Module Replacement enabled. @ webpack-internal:///./node_modules/webpack-dev-server/client/index.js?http://0.0.0.0:8080:48
[  282794ms] [INFO] [WDS] Live Reloading enabled. @ webpack-internal:///./node_modules/webpack-dev-server/client/index.js?http://0.0.0.0:8080:52
