[     675ms] [ERROR] [Vue warn]: Property or method "onResize" is not defined on the instance but referenced during render. Make sure that this property is reactive, either in the data option, or for class-based components, by initializing the property. See: https://vuejs.org/v2/guide/reactivity.html#Declaring-Reactive-Properties.

found in

---> <F2LTrainer>
       <Root> @ webpack-internal:///./node_modules/vue/dist/vue.esm.js:631
[     677ms] [ERROR] [Vue warn]: Error in render: "TypeError: Cannot read properties of undefined (reading 'name')"

found in

---> <F2LTrainer>
       <Root> @ webpack-internal:///./node_modules/vue/dist/vue.esm.js:631
[     677ms] [ERROR] TypeError: Cannot read properties of undefined (reading 'name')
    at Proxy.eval (eval at createFunction (webpack-internal:///./node_modules/vue/dist/vue.esm.js), <anonymous>:3:612)
    at Vue._render (webpack-internal:///./node_modules/vue/dist/vue.esm.js:3575:22)
    at VueComponent.updateComponent (webpack-internal:///./node_modules/vue/dist/vue.esm.js:4087:21)
    at Watcher.get (webpack-internal:///./node_modules/vue/dist/vue.esm.js:4501:25)
    at new Watcher (webpack-internal:///./node_modules/vue/dist/vue.esm.js:4490:12)
    at mountComponent (webpack-internal:///./node_modules/vue/dist/vue.esm.js:4094:3)
    at Vue.$mount (webpack-internal:///./node_modules/vue/dist/vue.esm.js:9100:10)
    at Vue.$mount (webpack-internal:///./node_modules/vue/dist/vue.esm.js:12014:16)
    at init (webpack-internal:///./node_modules/vue/dist/vue.esm.js:3146:13)
    at createComponent (webpack-internal:///./node_modules/vue/dist/vue.esm.js:6026:9) @ webpack-internal:///./node_modules/vue/dist/vue.esm.js:1907
[     679ms] [ERROR] [Vue warn]: Error in mounted hook: "TypeError: Cannot read properties of undefined (reading 'slice')"

found in

---> <F2LTrainer>
       <Root> @ webpack-internal:///./node_modules/vue/dist/vue.esm.js:631
[     679ms] [ERROR] TypeError: Cannot read properties of undefined (reading 'slice')
    at VueComponent.mounted (webpack-internal:///./src/vue/F2LTrainer/index.ts:49:19)
    at invokeWithErrorHandling (webpack-internal:///./node_modules/vue/dist/vue.esm.js:1874:57)
    at callHook (webpack-internal:///./node_modules/vue/dist/vue.esm.js:4241:7)
    at Object.insert (webpack-internal:///./node_modules/vue/dist/vue.esm.js:3167:7)
    at invokeInsertHook (webpack-internal:///./node_modules/vue/dist/vue.esm.js:6394:28)
    at Vue.patch [as __patch__] (webpack-internal:///./node_modules/vue/dist/vue.esm.js:6613:5)
    at Vue._update (webpack-internal:///./node_modules/vue/dist/vue.esm.js:3966:19)
    at Vue.updateComponent (webpack-internal:///./node_modules/vue/dist/vue.esm.js:4087:10)
    at Watcher.get (webpack-internal:///./node_modules/vue/dist/vue.esm.js:4501:25)
    at new Watcher (webpack-internal:///./node_modules/vue/dist/vue.esm.js:4490:12) @ webpack-internal:///./node_modules/vue/dist/vue.esm.js:1907
[     693ms] [LOG] [HMR] Waiting for update signal from WDS... @ webpack-internal:///./node_modules/webpack/hot/log.js:23
[     695ms] [INFO] Download the Vue Devtools extension for a better development experience:
https://github.com/vuejs/vue-devtools @ webpack-internal:///./node_modules/vue/dist/vue.esm.js:9112
[     695ms] [INFO] You are running Vue in development mode.
Make sure to turn on production mode when deploying for production.
See more tips at https://vuejs.org/guide/deployment.html @ webpack-internal:///./node_modules/vue/dist/vue.esm.js:9122
[     709ms] [INFO] [WDS] Hot Module Replacement enabled. @ webpack-internal:///./node_modules/webpack-dev-server/client/index.js?http://0.0.0.0:8080:48
[     709ms] [INFO] [WDS] Live Reloading enabled. @ webpack-internal:///./node_modules/webpack-dev-server/client/index.js?http://0.0.0.0:8080:52
[     750ms] [ERROR] [WDS] Errors while compiling. Reload prevented. @ webpack-internal:///./node_modules/webpack-dev-server/client/index.js?http://0.0.0.0:8080:150
[     751ms] [ERROR] {file: /dd/workspace_trae/cuber/src/vue/F2LTrainer/index.ts, moduleIdentifier: /dd/workspace_trae/cuber/node_modules/ts-loader/in…/workspace_trae/cuber/src/vue/F2LTrainer/index.ts, moduleName: ./src/vue/F2LTrainer/index.ts, loc: 22:2-9, message: [tsl] ERROR in /dd/workspace_trae/cuber/src/vue/F2…
      TS2393: Duplicate function implementation.} @ webpack-internal:///./node_modules/webpack-dev-server/client/index.js?http://0.0.0.0:8080:159
[     751ms] [ERROR] {file: /dd/workspace_trae/cuber/src/vue/F2LTrainer/index.ts, moduleIdentifier: /dd/workspace_trae/cuber/node_modules/ts-loader/in…/workspace_trae/cuber/src/vue/F2LTrainer/index.ts, moduleName: ./src/vue/F2LTrainer/index.ts, loc: 35:2-9, message: [tsl] ERROR in /dd/workspace_trae/cuber/src/vue/F2…
      TS2393: Duplicate function implementation.} @ webpack-internal:///./node_modules/webpack-dev-server/client/index.js?http://0.0.0.0:8080:159
[   32710ms] [INFO] [WDS] App updated. Recompiling... @ webpack-internal:///./node_modules/webpack-dev-server/client/index.js?http://0.0.0.0:8080:55
[   32964ms] [INFO] [WDS] App updated. Recompiling... @ webpack-internal:///./node_modules/webpack-dev-server/client/index.js?http://0.0.0.0:8080:55
[   33718ms] [INFO] [WDS] App hot update... @ webpack-internal:///./node_modules/webpack-dev-server/client/utils/reloadApp.js:18
[   33718ms] [LOG] [HMR] Checking for updates on the server... @ webpack-internal:///./node_modules/webpack/hot/log.js:23
[   33807ms] [WARNING] [HMR] Cannot apply update. Need to do a full reload! @ webpack-internal:///./node_modules/webpack/hot/log.js:25
[   33807ms] [WARNING] [HMR] Error: Aborted because ./src/vue/F2LTrainer/index.ts is not accepted
Update propagation: ./src/vue/F2LTrainer/index.ts -> ./src/index.ts
    at applyHandler (http://localhost:8080/index.95fb92b80f4c581255e5.js:1514:31)
    at http://localhost:8080/index.95fb92b80f4c581255e5.js:1215:21
    at Array.map (<anonymous>)
    at internalApply (http://localhost:8080/index.95fb92b80f4c581255e5.js:1214:54)
    at http://localhost:8080/index.95fb92b80f4c581255e5.js:1189:24
    at waitForBlockingPromises (http://localhost:8080/index.95fb92b80f4c581255e5.js:1145:55)
    at http://localhost:8080/index.95fb92b80f4c581255e5.js:1187:22 @ webpack-internal:///./node_modules/webpack/hot/log.js:25
[   34703ms] [ERROR] [Vue warn]: Error in render: "TypeError: Cannot read properties of undefined (reading 'name')"

found in

---> <F2LTrainer>
       <Root> @ webpack-internal:///./node_modules/vue/dist/vue.esm.js:631
[   34703ms] [ERROR] TypeError: Cannot read properties of undefined (reading 'name')
    at Proxy.eval (eval at createFunction (webpack-internal:///./node_modules/vue/dist/vue.esm.js), <anonymous>:3:612)
    at Vue._render (webpack-internal:///./node_modules/vue/dist/vue.esm.js:3575:22)
    at VueComponent.updateComponent (webpack-internal:///./node_modules/vue/dist/vue.esm.js:4087:21)
    at Watcher.get (webpack-internal:///./node_modules/vue/dist/vue.esm.js:4501:25)
    at new Watcher (webpack-internal:///./node_modules/vue/dist/vue.esm.js:4490:12)
    at mountComponent (webpack-internal:///./node_modules/vue/dist/vue.esm.js:4094:3)
    at Vue.$mount (webpack-internal:///./node_modules/vue/dist/vue.esm.js:9100:10)
    at Vue.$mount (webpack-internal:///./node_modules/vue/dist/vue.esm.js:12014:16)
    at init (webpack-internal:///./node_modules/vue/dist/vue.esm.js:3146:13)
    at createComponent (webpack-internal:///./node_modules/vue/dist/vue.esm.js:6026:9) @ webpack-internal:///./node_modules/vue/dist/vue.esm.js:1907
[   34708ms] [LOG] [HMR] Waiting for update signal from WDS... @ webpack-internal:///./node_modules/webpack/hot/log.js:23
[   34709ms] [ERROR] [Vue warn]: Error in render: "TypeError: Cannot read properties of undefined (reading 'name')"

found in

---> <F2LTrainer>
       <Root> @ webpack-internal:///./node_modules/vue/dist/vue.esm.js:631
[   34709ms] [ERROR] TypeError: Cannot read properties of undefined (reading 'name')
    at Proxy.eval (eval at createFunction (webpack-internal:///./node_modules/vue/dist/vue.esm.js), <anonymous>:3:612)
    at Vue._render (webpack-internal:///./node_modules/vue/dist/vue.esm.js:3575:22)
    at VueComponent.updateComponent (webpack-internal:///./node_modules/vue/dist/vue.esm.js:4087:21)
    at Watcher.get (webpack-internal:///./node_modules/vue/dist/vue.esm.js:4501:25)
    at Watcher.run (webpack-internal:///./node_modules/vue/dist/vue.esm.js:4576:22)
    at flushSchedulerQueue (webpack-internal:///./node_modules/vue/dist/vue.esm.js:4332:13)
    at Array.eval (webpack-internal:///./node_modules/vue/dist/vue.esm.js:2000:12)
    at flushCallbacks (webpack-internal:///./node_modules/vue/dist/vue.esm.js:1926:14) @ webpack-internal:///./node_modules/vue/dist/vue.esm.js:1907
[   34711ms] [INFO] Download the Vue Devtools extension for a better development experience:
https://github.com/vuejs/vue-devtools @ webpack-internal:///./node_modules/vue/dist/vue.esm.js:9112
[   34711ms] [INFO] You are running Vue in development mode.
Make sure to turn on production mode when deploying for production.
See more tips at https://vuejs.org/guide/deployment.html @ webpack-internal:///./node_modules/vue/dist/vue.esm.js:9122
[   34715ms] [INFO] [WDS] Hot Module Replacement enabled. @ webpack-internal:///./node_modules/webpack-dev-server/client/index.js?http://0.0.0.0:8080:48
[   34715ms] [INFO] [WDS] Live Reloading enabled. @ webpack-internal:///./node_modules/webpack-dev-server/client/index.js?http://0.0.0.0:8080:52
[   43844ms] [INFO] [WDS] App updated. Recompiling... @ webpack-internal:///./node_modules/webpack-dev-server/client/index.js?http://0.0.0.0:8080:55
[   44079ms] [INFO] [WDS] App updated. Recompiling... @ webpack-internal:///./node_modules/webpack-dev-server/client/index.js?http://0.0.0.0:8080:55
[   44470ms] [INFO] [WDS] App hot update... @ webpack-internal:///./node_modules/webpack-dev-server/client/utils/reloadApp.js:18
[   44470ms] [LOG] [HMR] Checking for updates on the server... @ webpack-internal:///./node_modules/webpack/hot/log.js:23
[   44526ms] [WARNING] [HMR] Cannot apply update. Need to do a full reload! @ webpack-internal:///./node_modules/webpack/hot/log.js:25
[   44526ms] [WARNING] [HMR] Error: Aborted because ./src/vue/F2LTrainer/index.ts is not accepted
Update propagation: ./src/vue/F2LTrainer/index.ts -> ./src/index.ts
    at applyHandler (http://localhost:8080/index.d31a35dfda6764bd6786.js:1514:31)
    at http://localhost:8080/index.d31a35dfda6764bd6786.js:1215:21
    at Array.map (<anonymous>)
    at internalApply (http://localhost:8080/index.d31a35dfda6764bd6786.js:1214:54)
    at http://localhost:8080/index.d31a35dfda6764bd6786.js:1189:24
    at waitForBlockingPromises (http://localhost:8080/index.d31a35dfda6764bd6786.js:1145:55)
    at http://localhost:8080/index.d31a35dfda6764bd6786.js:1187:22 @ webpack-internal:///./node_modules/webpack/hot/log.js:25
[   45261ms] [ERROR] [Vue warn]: Error in render: "TypeError: Cannot read properties of undefined (reading 'name')"

found in

---> <F2LTrainer>
       <Root> @ webpack-internal:///./node_modules/vue/dist/vue.esm.js:631
[   45261ms] [ERROR] TypeError: Cannot read properties of undefined (reading 'name')
    at Proxy.eval (eval at createFunction (webpack-internal:///./node_modules/vue/dist/vue.esm.js), <anonymous>:3:612)
    at Vue._render (webpack-internal:///./node_modules/vue/dist/vue.esm.js:3575:22)
    at VueComponent.updateComponent (webpack-internal:///./node_modules/vue/dist/vue.esm.js:4087:21)
    at Watcher.get (webpack-internal:///./node_modules/vue/dist/vue.esm.js:4501:25)
    at new Watcher (webpack-internal:///./node_modules/vue/dist/vue.esm.js:4490:12)
    at mountComponent (webpack-internal:///./node_modules/vue/dist/vue.esm.js:4094:3)
    at Vue.$mount (webpack-internal:///./node_modules/vue/dist/vue.esm.js:9100:10)
    at Vue.$mount (webpack-internal:///./node_modules/vue/dist/vue.esm.js:12014:16)
    at init (webpack-internal:///./node_modules/vue/dist/vue.esm.js:3146:13)
    at createComponent (webpack-internal:///./node_modules/vue/dist/vue.esm.js:6026:9) @ webpack-internal:///./node_modules/vue/dist/vue.esm.js:1907
[   45265ms] [LOG] [HMR] Waiting for update signal from WDS... @ webpack-internal:///./node_modules/webpack/hot/log.js:23
[   45265ms] [ERROR] [Vue warn]: Error in render: "TypeError: Cannot read properties of undefined (reading 'name')"

found in

---> <F2LTrainer>
       <Root> @ webpack-internal:///./node_modules/vue/dist/vue.esm.js:631
[   45265ms] [ERROR] TypeError: Cannot read properties of undefined (reading 'name')
    at Proxy.eval (eval at createFunction (webpack-internal:///./node_modules/vue/dist/vue.esm.js), <anonymous>:3:612)
    at Vue._render (webpack-internal:///./node_modules/vue/dist/vue.esm.js:3575:22)
    at VueComponent.updateComponent (webpack-internal:///./node_modules/vue/dist/vue.esm.js:4087:21)
    at Watcher.get (webpack-internal:///./node_modules/vue/dist/vue.esm.js:4501:25)
    at Watcher.run (webpack-internal:///./node_modules/vue/dist/vue.esm.js:4576:22)
    at flushSchedulerQueue (webpack-internal:///./node_modules/vue/dist/vue.esm.js:4332:13)
    at Array.eval (webpack-internal:///./node_modules/vue/dist/vue.esm.js:2000:12)
    at flushCallbacks (webpack-internal:///./node_modules/vue/dist/vue.esm.js:1926:14) @ webpack-internal:///./node_modules/vue/dist/vue.esm.js:1907
[   45266ms] [INFO] Download the Vue Devtools extension for a better development experience:
https://github.com/vuejs/vue-devtools @ webpack-internal:///./node_modules/vue/dist/vue.esm.js:9112
[   45266ms] [INFO] You are running Vue in development mode.
Make sure to turn on production mode when deploying for production.
See more tips at https://vuejs.org/guide/deployment.html @ webpack-internal:///./node_modules/vue/dist/vue.esm.js:9122
[   45270ms] [INFO] [WDS] Hot Module Replacement enabled. @ webpack-internal:///./node_modules/webpack-dev-server/client/index.js?http://0.0.0.0:8080:48
[   45271ms] [INFO] [WDS] Live Reloading enabled. @ webpack-internal:///./node_modules/webpack-dev-server/client/index.js?http://0.0.0.0:8080:52
