[     488ms] [ERROR] [Vue warn]: Failed to mount component: template or render function not defined.

found in

---> <F2LTrainer>
       <Root> @ webpack-internal:///./node_modules/vue/dist/vue.esm.js:631
[     490ms] [ERROR] [Vue warn]: Error in mounted hook: "TypeError: Cannot read properties of undefined (reading 'slice')"

found in

---> <F2LTrainer>
       <Root> @ webpack-internal:///./node_modules/vue/dist/vue.esm.js:631
[     490ms] [ERROR] TypeError: Cannot read properties of undefined (reading 'slice')
    at F2LTrainer.mounted (webpack-internal:///./src/vue/F2LTrainer/index.ts:41:19)
    at invokeWithErrorHandling (webpack-internal:///./node_modules/vue/dist/vue.esm.js:1874:57)
    at callHook (webpack-internal:///./node_modules/vue/dist/vue.esm.js:4241:7)
    at Object.insert (webpack-internal:///./node_modules/vue/dist/vue.esm.js:3167:7)
    at invokeInsertHook (webpack-internal:///./node_modules/vue/dist/vue.esm.js:6394:28)
    at Vue.patch [as __patch__] (webpack-internal:///./node_modules/vue/dist/vue.esm.js:6613:5)
    at Vue._update (webpack-internal:///./node_modules/vue/dist/vue.esm.js:3966:19)
    at Vue.updateComponent (webpack-internal:///./node_modules/vue/dist/vue.esm.js:4087:10)
    at Watcher.get (webpack-internal:///./node_modules/vue/dist/vue.esm.js:4501:25)
    at new Watcher (webpack-internal:///./node_modules/vue/dist/vue.esm.js:4490:12) @ webpack-internal:///./node_modules/vue/dist/vue.esm.js:1907
[     521ms] [LOG] [HMR] Waiting for update signal from WDS... @ webpack-internal:///./node_modules/webpack/hot/log.js:23
[     526ms] [INFO] Download the Vue Devtools extension for a better development experience:
https://github.com/vuejs/vue-devtools @ webpack-internal:///./node_modules/vue/dist/vue.esm.js:9112
[     526ms] [INFO] You are running Vue in development mode.
Make sure to turn on production mode when deploying for production.
See more tips at https://vuejs.org/guide/deployment.html @ webpack-internal:///./node_modules/vue/dist/vue.esm.js:9122
[     533ms] [INFO] [WDS] Hot Module Replacement enabled. @ webpack-internal:///./node_modules/webpack-dev-server/client/index.js?http://0.0.0.0:8080:48
[     534ms] [INFO] [WDS] Live Reloading enabled. @ webpack-internal:///./node_modules/webpack-dev-server/client/index.js?http://0.0.0.0:8080:52
[   51423ms] [INFO] [WDS] App updated. Recompiling... @ webpack-internal:///./node_modules/webpack-dev-server/client/index.js?http://0.0.0.0:8080:55
[   51657ms] [INFO] [WDS] App updated. Recompiling... @ webpack-internal:///./node_modules/webpack-dev-server/client/index.js?http://0.0.0.0:8080:55
[   52423ms] [ERROR] [WDS] Errors while compiling. Reload prevented. @ webpack-internal:///./node_modules/webpack-dev-server/client/index.js?http://0.0.0.0:8080:150
[   52423ms] [ERROR] {file: /dd/workspace_trae/cuber/src/vue/F2LTrainer/index.ts, moduleIdentifier: /dd/workspace_trae/cuber/node_modules/ts-loader/in…/workspace_trae/cuber/src/vue/F2LTrainer/index.ts, moduleName: ./src/vue/F2LTrainer/index.ts, loc: 22:2-9, message: [tsl] ERROR in /dd/workspace_trae/cuber/src/vue/F2…
      TS2393: Duplicate function implementation.} @ webpack-internal:///./node_modules/webpack-dev-server/client/index.js?http://0.0.0.0:8080:159
[   52425ms] [ERROR] {file: /dd/workspace_trae/cuber/src/vue/F2LTrainer/index.ts, moduleIdentifier: /dd/workspace_trae/cuber/node_modules/ts-loader/in…/workspace_trae/cuber/src/vue/F2LTrainer/index.ts, moduleName: ./src/vue/F2LTrainer/index.ts, loc: 35:2-9, message: [tsl] ERROR in /dd/workspace_trae/cuber/src/vue/F2…
      TS2393: Duplicate function implementation.} @ webpack-internal:///./node_modules/webpack-dev-server/client/index.js?http://0.0.0.0:8080:159
