[     536ms] [ERROR] [Vue warn]: Injection "world" not found

found in

---> <F2LTrainer>
       <Root> @ webpack-internal:///./node_modules/vue/dist/vue.esm.js:631
[     537ms] [ERROR] [Vue warn]: Failed to mount component: template or render function not defined.

found in

---> <F2LTrainer>
       <Root> @ webpack-internal:///./node_modules/vue/dist/vue.esm.js:631
[     538ms] [ERROR] [Vue warn]: Error in mounted hook: "TypeError: Cannot read properties of undefined (reading 'slice')"

found in

---> <F2LTrainer>
       <Root> @ webpack-internal:///./node_modules/vue/dist/vue.esm.js:631
[     538ms] [ERROR] TypeError: Cannot read properties of undefined (reading 'slice')
    at F2LTrainer.mounted (webpack-internal:///./src/vue/F2LTrainer/index.ts:38:19)
    at invokeWithErrorHandling (webpack-internal:///./node_modules/vue/dist/vue.esm.js:1874:57)
    at callHook (webpack-internal:///./node_modules/vue/dist/vue.esm.js:4241:7)
    at Object.insert (webpack-internal:///./node_modules/vue/dist/vue.esm.js:3167:7)
    at invokeInsertHook (webpack-internal:///./node_modules/vue/dist/vue.esm.js:6394:28)
    at Vue.patch [as __patch__] (webpack-internal:///./node_modules/vue/dist/vue.esm.js:6613:5)
    at Vue._update (webpack-internal:///./node_modules/vue/dist/vue.esm.js:3966:19)
    at Vue.updateComponent (webpack-internal:///./node_modules/vue/dist/vue.esm.js:4087:10)
    at Watcher.get (webpack-internal:///./node_modules/vue/dist/vue.esm.js:4501:25)
    at new Watcher (webpack-internal:///./node_modules/vue/dist/vue.esm.js:4490:12) @ webpack-internal:///./node_modules/vue/dist/vue.esm.js:1907
[     568ms] [LOG] [HMR] Waiting for update signal from WDS... @ webpack-internal:///./node_modules/webpack/hot/log.js:23
[     570ms] [INFO] Download the Vue Devtools extension for a better development experience:
https://github.com/vuejs/vue-devtools @ webpack-internal:///./node_modules/vue/dist/vue.esm.js:9112
[     570ms] [INFO] You are running Vue in development mode.
Make sure to turn on production mode when deploying for production.
See more tips at https://vuejs.org/guide/deployment.html @ webpack-internal:///./node_modules/vue/dist/vue.esm.js:9122
[     579ms] [INFO] [WDS] Hot Module Replacement enabled. @ webpack-internal:///./node_modules/webpack-dev-server/client/index.js?http://0.0.0.0:8080:48
[     579ms] [INFO] [WDS] Live Reloading enabled. @ webpack-internal:///./node_modules/webpack-dev-server/client/index.js?http://0.0.0.0:8080:52
[   72287ms] [INFO] [WDS] App updated. Recompiling... @ webpack-internal:///./node_modules/webpack-dev-server/client/index.js?http://0.0.0.0:8080:55
[   72973ms] [INFO] [WDS] App updated. Recompiling... @ webpack-internal:///./node_modules/webpack-dev-server/client/index.js?http://0.0.0.0:8080:55
[   73435ms] [INFO] [WDS] App hot update... @ webpack-internal:///./node_modules/webpack-dev-server/client/utils/reloadApp.js:18
[   73435ms] [LOG] [HMR] Checking for updates on the server... @ webpack-internal:///./node_modules/webpack/hot/log.js:23
[   73455ms] [WARNING] [HMR] Cannot apply update. Need to do a full reload! @ webpack-internal:///./node_modules/webpack/hot/log.js:25
[   73455ms] [WARNING] [HMR] Error: Aborted because ./src/vue/F2LTrainer/index.ts is not accepted
Update propagation: ./src/vue/F2LTrainer/index.ts -> ./src/index.ts
    at applyHandler (http://localhost:8080/index.246a2f17421c10830f43.js:1504:31)
    at http://localhost:8080/index.246a2f17421c10830f43.js:1205:21
    at Array.map (<anonymous>)
    at internalApply (http://localhost:8080/index.246a2f17421c10830f43.js:1204:54)
    at http://localhost:8080/index.246a2f17421c10830f43.js:1179:24
    at waitForBlockingPromises (http://localhost:8080/index.246a2f17421c10830f43.js:1135:55)
    at http://localhost:8080/index.246a2f17421c10830f43.js:1177:22 @ webpack-internal:///./node_modules/webpack/hot/log.js:25
[   73676ms] [ERROR] [Vue warn]: Injection "injectedWorld" not found

found in

---> <F2LTrainer>
       <Root> @ webpack-internal:///./node_modules/vue/dist/vue.esm.js:631
[   73683ms] [ERROR] [Vue warn]: Failed to mount component: template or render function not defined.

found in

---> <F2LTrainer>
       <Root> @ webpack-internal:///./node_modules/vue/dist/vue.esm.js:631
[   73684ms] [ERROR] [Vue warn]: Error in mounted hook: "TypeError: Cannot read properties of undefined (reading 'slice')"

found in

---> <F2LTrainer>
       <Root> @ webpack-internal:///./node_modules/vue/dist/vue.esm.js:631
[   73684ms] [ERROR] TypeError: Cannot read properties of undefined (reading 'slice')
    at F2LTrainer.mounted (webpack-internal:///./src/vue/F2LTrainer/index.ts:39:19)
    at invokeWithErrorHandling (webpack-internal:///./node_modules/vue/dist/vue.esm.js:1874:57)
    at callHook (webpack-internal:///./node_modules/vue/dist/vue.esm.js:4241:7)
    at Object.insert (webpack-internal:///./node_modules/vue/dist/vue.esm.js:3167:7)
    at invokeInsertHook (webpack-internal:///./node_modules/vue/dist/vue.esm.js:6394:28)
    at Vue.patch [as __patch__] (webpack-internal:///./node_modules/vue/dist/vue.esm.js:6613:5)
    at Vue._update (webpack-internal:///./node_modules/vue/dist/vue.esm.js:3966:19)
    at Vue.updateComponent (webpack-internal:///./node_modules/vue/dist/vue.esm.js:4087:10)
    at Watcher.get (webpack-internal:///./node_modules/vue/dist/vue.esm.js:4501:25)
    at new Watcher (webpack-internal:///./node_modules/vue/dist/vue.esm.js:4490:12) @ webpack-internal:///./node_modules/vue/dist/vue.esm.js:1907
[   73694ms] [LOG] [HMR] Waiting for update signal from WDS... @ webpack-internal:///./node_modules/webpack/hot/log.js:23
[   73694ms] [INFO] Download the Vue Devtools extension for a better development experience:
https://github.com/vuejs/vue-devtools @ webpack-internal:///./node_modules/vue/dist/vue.esm.js:9112
[   73694ms] [INFO] You are running Vue in development mode.
Make sure to turn on production mode when deploying for production.
See more tips at https://vuejs.org/guide/deployment.html @ webpack-internal:///./node_modules/vue/dist/vue.esm.js:9122
[   73698ms] [INFO] [WDS] Hot Module Replacement enabled. @ webpack-internal:///./node_modules/webpack-dev-server/client/index.js?http://0.0.0.0:8080:48
[   73698ms] [INFO] [WDS] Live Reloading enabled. @ webpack-internal:///./node_modules/webpack-dev-server/client/index.js?http://0.0.0.0:8080:52
[   80334ms] [INFO] [WDS] App updated. Recompiling... @ webpack-internal:///./node_modules/webpack-dev-server/client/index.js?http://0.0.0.0:8080:55
[   80540ms] [INFO] [WDS] App updated. Recompiling... @ webpack-internal:///./node_modules/webpack-dev-server/client/index.js?http://0.0.0.0:8080:55
[   80767ms] [INFO] [WDS] App hot update... @ webpack-internal:///./node_modules/webpack-dev-server/client/utils/reloadApp.js:18
[   80767ms] [LOG] [HMR] Checking for updates on the server... @ webpack-internal:///./node_modules/webpack/hot/log.js:23
[   80779ms] [WARNING] [HMR] Cannot apply update. Need to do a full reload! @ webpack-internal:///./node_modules/webpack/hot/log.js:25
[   80780ms] [WARNING] [HMR] Error: Aborted because ./src/vue/F2LTrainer/index.ts is not accepted
Update propagation: ./src/vue/F2LTrainer/index.ts -> ./src/index.ts
    at applyHandler (http://localhost:8080/index.6d3523d0a3369590c290.js:1504:31)
    at http://localhost:8080/index.6d3523d0a3369590c290.js:1205:21
    at Array.map (<anonymous>)
    at internalApply (http://localhost:8080/index.6d3523d0a3369590c290.js:1204:54)
    at http://localhost:8080/index.6d3523d0a3369590c290.js:1179:24
    at waitForBlockingPromises (http://localhost:8080/index.6d3523d0a3369590c290.js:1135:55)
    at http://localhost:8080/index.6d3523d0a3369590c290.js:1177:22 @ webpack-internal:///./node_modules/webpack/hot/log.js:25
[   80938ms] [ERROR] [Vue warn]: Failed to mount component: template or render function not defined.

found in

---> <F2LTrainer>
       <Root> @ webpack-internal:///./node_modules/vue/dist/vue.esm.js:631
[   80939ms] [ERROR] [Vue warn]: Error in mounted hook: "TypeError: Cannot read properties of undefined (reading 'slice')"

found in

---> <F2LTrainer>
       <Root> @ webpack-internal:///./node_modules/vue/dist/vue.esm.js:631
[   80939ms] [ERROR] TypeError: Cannot read properties of undefined (reading 'slice')
    at F2LTrainer.mounted (webpack-internal:///./src/vue/F2LTrainer/index.ts:39:19)
    at invokeWithErrorHandling (webpack-internal:///./node_modules/vue/dist/vue.esm.js:1874:57)
    at callHook (webpack-internal:///./node_modules/vue/dist/vue.esm.js:4241:7)
    at Object.insert (webpack-internal:///./node_modules/vue/dist/vue.esm.js:3167:7)
    at invokeInsertHook (webpack-internal:///./node_modules/vue/dist/vue.esm.js:6394:28)
    at Vue.patch [as __patch__] (webpack-internal:///./node_modules/vue/dist/vue.esm.js:6613:5)
    at Vue._update (webpack-internal:///./node_modules/vue/dist/vue.esm.js:3966:19)
    at Vue.updateComponent (webpack-internal:///./node_modules/vue/dist/vue.esm.js:4087:10)
    at Watcher.get (webpack-internal:///./node_modules/vue/dist/vue.esm.js:4501:25)
    at new Watcher (webpack-internal:///./node_modules/vue/dist/vue.esm.js:4490:12) @ webpack-internal:///./node_modules/vue/dist/vue.esm.js:1907
[   80944ms] [LOG] [HMR] Waiting for update signal from WDS... @ webpack-internal:///./node_modules/webpack/hot/log.js:23
[   80945ms] [INFO] Download the Vue Devtools extension for a better development experience:
https://github.com/vuejs/vue-devtools @ webpack-internal:///./node_modules/vue/dist/vue.esm.js:9112
[   80945ms] [INFO] You are running Vue in development mode.
Make sure to turn on production mode when deploying for production.
See more tips at https://vuejs.org/guide/deployment.html @ webpack-internal:///./node_modules/vue/dist/vue.esm.js:9122
[   80950ms] [INFO] [WDS] Hot Module Replacement enabled. @ webpack-internal:///./node_modules/webpack-dev-server/client/index.js?http://0.0.0.0:8080:48
[   80950ms] [INFO] [WDS] Live Reloading enabled. @ webpack-internal:///./node_modules/webpack-dev-server/client/index.js?http://0.0.0.0:8080:52
